                                   MODFLOW 6
                U.S. GEOLOGICAL SURVEY MODULAR HYDROLOGIC MODEL
                          GROUNDWATER FLOW MODEL (GWF)
                   VERSION 6.3.0 release candidate 02/06/2022
                               ***DEVELOP MODE***

   MODFLOW 6 compiled Feb 06 2022 02:35:51 with Intel(R) Fortran Intel(R) 64
   Compiler Classic for applications running on Intel(R) 64, Version 2021.5.0
                             Build 20211109_000000

This software is preliminary or provisional and is subject to 
revision. It is being provided to meet the need for timely best 
science. The software has not received final approval by the U.S. 
Geological Survey (USGS). No warranty, expressed or implied, is made 
by the USGS or the U.S. Government as to the functionality of the 
software and related material nor shall the fact of release 
constitute any such warranty. The software is provided on the 
condition that neither the USGS nor the U.S. Government shall be held 
liable for any damages resulting from the authorized or unauthorized 
use of the software.


As a work of the United States Government, this USGS product is 
in the public domain within the United States. You can copy, 
modify, distribute, and perform the work, even for commercial 
purposes, all without asking permission. Additionally, USGS 
waives copyright and related rights in the work worldwide 
through CC0 1.0 Universal Public Domain Dedication 
(https://creativecommons.org/publicdomain/zero/1.0/).

The following GNU Lesser General Public License (LGPL) libraries
are used in this USGS product:

    SPARSKIT version 2.0
      ilut, luson, and qsplit 
      (https://www-users.cse.umn.edu/~saad/software/SPARSKIT/)

    RCM - Reverse Cuthill McKee Ordering
      (https://people.math.sc.edu/Burkardt/f_src/rcm/rcm.html)

    BLAS - Basic Linear Algebra Subprograms Level 1
      (https://people.math.sc.edu/Burkardt/f_src/blas1_d/blas1_d.html)

    SPARSEKIT - Sparse Matrix Utility Package
      amux, dperm, dvperm, rperm, and cperm
      (https://people.sc.fsu.edu/~jburkardt/f77_src/sparsekit/sparsekit.html)

The following BSD-3 License libraries are used in this USGS product:

    Modern Fortran DAG Library
      Copyright (c) 2018, Jacob Williams
      All rights reserved.
      (https://github.com/jacobwilliams/daglib)

MODFLOW 6 compiler options: /O2 /heap-arrays:0 /fpe:0 /traceback /nologo /fpp
/c /module:.\mod_temp\ /object:.\obj_temp\

System command used to initiate simulation:
mf6.exe

MODFLOW was compiled using uniform precision.

Real Variables
  KIND: 8
  TINY (smallest non-zero value):    2.225074-308
  HUGE (largest value):    1.797693+308
  PRECISION: 15
  BIT SIZE: 64

Integer Variables
  KIND: 4
  HUGE (largest value): 2147483647
  BIT SIZE: 32

Long Integer Variables
  KIND: 8
  HUGE (largest value): 9223372036854775807
  BIT SIZE: 64

Logical Variables
  KIND: 4
  BIT SIZE: 32
 

 OPENED local2.dis
 FILE TYPE:DIS6                   UNIT 1005   STATUS:OLD                 
 FORMAT:FORMATTED              ACCESS:SEQUENTIAL          
 ACTION:READ                


 OPENED local2.npf
 FILE TYPE:NPF6                   UNIT 1006   STATUS:OLD                 
 FORMAT:FORMATTED              ACCESS:SEQUENTIAL          
 ACTION:READ                


 OPENED local2.ic
 FILE TYPE:IC6                    UNIT 1007   STATUS:OLD                 
 FORMAT:FORMATTED              ACCESS:SEQUENTIAL          
 ACTION:READ                


 OPENED local2.rcha
 FILE TYPE:RCH6                   UNIT 1008   STATUS:OLD                 
 FORMAT:FORMATTED              ACCESS:SEQUENTIAL          
 ACTION:READ                


 OPENED local2.drn
 FILE TYPE:DRN6                   UNIT 1009   STATUS:OLD                 
 FORMAT:FORMATTED              ACCESS:SEQUENTIAL          
 ACTION:READ                


 OPENED local2.chd
 FILE TYPE:CHD6                   UNIT 1010   STATUS:OLD                 
 FORMAT:FORMATTED              ACCESS:SEQUENTIAL          
 ACTION:READ                


 OPENED local2_0.chd
 FILE TYPE:CHD6                   UNIT 1011   STATUS:OLD                 
 FORMAT:FORMATTED              ACCESS:SEQUENTIAL          
 ACTION:READ                


 OPENED local2.wel
 FILE TYPE:WEL6                   UNIT 1012   STATUS:OLD                 
 FORMAT:FORMATTED              ACCESS:SEQUENTIAL          
 ACTION:READ                


 OPENED local2_0.wel
 FILE TYPE:WEL6                   UNIT 1013   STATUS:OLD                 
 FORMAT:FORMATTED              ACCESS:SEQUENTIAL          
 ACTION:READ                


 OPENED local2_1.wel
 FILE TYPE:WEL6                   UNIT 1014   STATUS:OLD                 
 FORMAT:FORMATTED              ACCESS:SEQUENTIAL          
 ACTION:READ                


 OPENED local2.oc
 FILE TYPE:OC6                    UNIT 1015   STATUS:OLD                 
 FORMAT:FORMATTED              ACCESS:SEQUENTIAL          
 ACTION:READ                

 NAMEFILE OPTIONS:
    FLOWS WILL BE SAVED TO BUDGET FILE SPECIFIED IN OUTPUT CONTROL

 DIS -- STRUCTURED GRID DISCRETIZATION PACKAGE, VERSION 2 : 3/27/2014 - INPUT READ FROM UNIT 1005


 # File generated by Flopy version 3.9.3 on 08/21/2025 at 14:53:12.
 PROCESSING DISCRETIZATION OPTIONS
    MODEL LENGTH UNIT IS METERS
    XORIGIN SPECIFIED AS     1924290.00000000    
    YORIGIN SPECIFIED AS     5598620.00000000    
 END OF DISCRETIZATION OPTIONS
 PROCESSING DISCRETIZATION DIMENSIONS
    NLAY =       8
    NROW =     121
    NCOL =     151
 END OF DISCRETIZATION DIMENSIONS
 PROCESSING GRIDDATA
 END PROCESSING GRIDDATA

 THE SPECIFIED IDOMAIN RESULTS IN A REDUCED NUMBER OF CELLS.
 NUMBER OF USER NODES: 146168
 NUMBER OF NODES IN SOLUTION: 77763



 NPF -- NODE PROPERTY FLOW PACKAGE, VERSION 1, 3/30/2015 INPUT READ FROM UNIT 1006


 # File generated by Flopy version 3.9.3 on 08/21/2025 at 14:53:13.
 PROCESSING NPF OPTIONS
    SPECIFIC DISCHARGE WILL BE CALCULATED AT CELL CENTERS AND WRITTEN TO DATA-SPDIS IN BUDGET FILE WHEN REQUESTED.
 END OF NPF OPTIONS

 WEL   -- WEL PACKAGE, VERSION 8, 2/22/2014 INPUT READ FROM UNIT 1012
 # File generated by Flopy version 3.9.3 on 08/21/2025 at 14:53:13.

 PROCESSING WEL OPTIONS
 END OF WEL OPTIONS

 PROCESSING WEL DIMENSIONS
    MAXBOUND =    1162
 END OF WEL DIMENSIONS

 WEL   -- WEL PACKAGE, VERSION 8, 2/22/2014 INPUT READ FROM UNIT 1013
 # File generated by Flopy version 3.9.3 on 08/21/2025 at 14:53:13.

 PROCESSING WEL OPTIONS
 END OF WEL OPTIONS

 PROCESSING WEL DIMENSIONS
    MAXBOUND =     846
 END OF WEL DIMENSIONS

 WEL   -- WEL PACKAGE, VERSION 8, 2/22/2014 INPUT READ FROM UNIT 1014
 # File generated by Flopy version 3.9.3 on 08/21/2025 at 14:53:13.

 PROCESSING WEL OPTIONS
 END OF WEL OPTIONS

 PROCESSING WEL DIMENSIONS
    MAXBOUND =     684
 END OF WEL DIMENSIONS

 DRN   -- DRN PACKAGE, VERSION 8, 2/22/2014 INPUT READ FROM UNIT 1009
 # File generated by Flopy version 3.9.3 on 08/21/2025 at 14:53:13.

 PROCESSING DRN OPTIONS
 END OF DRN OPTIONS

 PROCESSING DRN DIMENSIONS
    MAXBOUND =     323
 END OF DRN DIMENSIONS

 RCH   -- RCH PACKAGE, VERSION 8, 2/22/2014 INPUT READ FROM UNIT 1008
 # File generated by Flopy version 3.9.3 on 08/21/2025 at 14:53:13.

 PROCESSING RCH OPTIONS
    RECHARGE INPUT WILL BE READ AS ARRAY(S).
 END OF RCHA OPTIONS

 CHD   -- CHD PACKAGE, VERSION 8, 2/22/2014 INPUT READ FROM UNIT 1010
 # File generated by Flopy version 3.9.3 on 08/21/2025 at 14:53:13.

 PROCESSING CHD OPTIONS
    FLOWS WILL BE SAVED TO BUDGET FILE SPECIFIED IN OUTPUT CONTROL
 END OF CHD OPTIONS

 PROCESSING CHD DIMENSIONS
    MAXBOUND =      83
 END OF CHD DIMENSIONS

 CHD   -- CHD PACKAGE, VERSION 8, 2/22/2014 INPUT READ FROM UNIT 1011
 # File generated by Flopy version 3.9.3 on 08/21/2025 at 14:53:13.

 PROCESSING CHD OPTIONS
    FLOWS WILL BE SAVED TO BUDGET FILE SPECIFIED IN OUTPUT CONTROL
 END OF CHD OPTIONS

 PROCESSING CHD DIMENSIONS
    MAXBOUND =    8015
 END OF CHD DIMENSIONS

 IC -- INITIAL CONDITIONS PACKAGE, VERSION 8, 3/28/2015 INPUT READ FROM UNIT 1007
 # File generated by Flopy version 3.9.3 on 08/21/2025 at 14:53:13.
 PROCESSING IC OPTIONS
 END OF IC OPTIONS
 PROCESSING GRIDDATA
 END PROCESSING GRIDDATA
 PROCESSING GRIDDATA

                ICELLTYPE = 0
 K33 not provided.  Assuming K33 = K.
 K22 not provided.  Assuming K22 = K.
 END PROCESSING GRIDDATA
    BINARY GRID INFORMATION WILL BE WRITTEN TO:
      UNIT NUMBER: 1017
      FILE NAME: C:\Users\tfo46\e_Python\e_projects\pakipaki_01\models\local2\pest\local2_template\local2.dis.grb

 OPENED C:\Users\tfo46\e_Python\e_projects\pakipaki_01\models\local2\pest\local2_template\local2.dis.grb
 FILE TYPE:DATA(BINARY)   UNIT 1017   STATUS:REPLACE             
 FORMAT:UNFORMATTED            ACCESS:STREAM              
 ACTION:READWRITE           

      THE LAST TIME STEP WILL BE PRINTED
      THE LAST TIME STEP WILL BE PRINTED
 # File generated by Flopy version 3.9.3 on 08/21/2025 at 14:53:13.

 PROCESSING OC OPTIONS

    BUDGET INFORMATION WILL BE WRITTEN TO:
      UNIT NUMBER: 1018
      FILE NAME: local2.cbc

 OPENED local2.cbc
 FILE TYPE:DATA(BINARY)   UNIT 1018   STATUS:REPLACE             
 FORMAT:UNFORMATTED            ACCESS:STREAM              
 ACTION:READWRITE           

    HEAD INFORMATION WILL BE WRITTEN TO:
      UNIT NUMBER: 1019
      FILE NAME: local2.hds

 OPENED local2.hds
 FILE TYPE:DATA(BINARY)   UNIT 1019   STATUS:REPLACE             
 FORMAT:UNFORMATTED            ACCESS:STREAM              
 ACTION:READWRITE           

 END OF OC OPTIONS

start timestep kper="1" kstp="1" mode="normal"


 BEGIN READING OUTPUT CONTROL FOR STRESS PERIOD 1
      ALL TIME STEPS WILL BE SAVED
      ALL TIME STEPS WILL BE SAVED

 END READING OUTPUT CONTROL FOR STRESS PERIOD 1

 OPENED local2.wel_mbr_stress_period_data.txt
 FILE TYPE:OPEN/CLOSE   UNIT 1020   STATUS:OLD                 
 FORMAT:FORMATTED              ACCESS:SEQUENTIAL          
 ACTION:READ                


 OPENED local2.wel_influx_stress_period_data.txt
 FILE TYPE:OPEN/CLOSE   UNIT 1021   STATUS:OLD                 
 FORMAT:FORMATTED              ACCESS:SEQUENTIAL          
 ACTION:READ                


 OPENED local2.wel_outflux_stress_period_data.txt
 FILE TYPE:OPEN/CLOSE   UNIT 1022   STATUS:OLD                 
 FORMAT:FORMATTED              ACCESS:SEQUENTIAL          
 ACTION:READ                


 OPENED local2.drn_riv_stress_period_data.txt
 FILE TYPE:OPEN/CLOSE   UNIT 1023   STATUS:OLD                 
 FORMAT:FORMATTED              ACCESS:SEQUENTIAL          
 ACTION:READ                


 OPENED local2.rcha_recharge.txt
 FILE TYPE:OPEN/CLOSE   UNIT 1024   STATUS:OLD                 
 FORMAT:FORMATTED              ACCESS:SEQUENTIAL          
 ACTION:READ                


 OPENED local2.chd_conf_stress_period_data.txt
 FILE TYPE:OPEN/CLOSE   UNIT 1025   STATUS:OLD                 
 FORMAT:FORMATTED              ACCESS:SEQUENTIAL          
 ACTION:READ                


 SLN_1 INNER ITERATION SUMMARY
 --------------------------------------------------------------------------------------------------------------------------------------
      TOTAL      OUTER      INNER                                                            MAXIMUM                                   
  ITERATION  ITERATION  ITERATION  MAXIMUM CHANGE      MAXIMUM CHANGE MODEL-(CELLID)        RESIDUAL    MAXIMUM RESIDUAL MODEL-(CELLID)
 --------------------------------------------------------------------------------------------------------------------------------------
          1          1          1       22.099146                   1_GWF-(3,43,129)       15.603155                   1_GWF-(4,105,97)
          2          1          2     -0.95439916                    1_GWF-(1,66,86)       4.2837855                   1_GWF-(1,105,97)
          3          1          3     -0.88565622                    1_GWF-(1,64,90)       2.8582567                   1_GWF-(1,105,97)
          4          1          4     -0.73892666                    1_GWF-(1,63,92)      -2.2085729                   1_GWF-(5,119,98)
          5          1          5      0.64667840                   1_GWF-(4,120,98)      -1.9020094                   1_GWF-(5,119,98)
          6          1          6      0.67880909                   1_GWF-(4,120,98)      -1.5972925                   1_GWF-(5,119,98)
          7          1          7      0.83206209                   1_GWF-(4,120,98)      -1.2851016                   1_GWF-(5,118,98)
          8          1          8      0.81019868                   1_GWF-(5,120,98)       1.0710549                    1_GWF-(4,32,35)
          9          1          9       1.1175596                   1_GWF-(5,120,98)     -0.86880428                  1_GWF-(5,110,100)
         10          1         10      0.27681135                  1_GWF-(4,110,100)      -1.5589195                    1_GWF-(4,31,35)
         11          1         11      0.17181750                   1_GWF-(5,120,98)     -0.80451261                  1_GWF-(5,112,100)
         12          1         12       1.0351390                   1_GWF-(5,120,98)     -0.96693016                    1_GWF-(4,31,35)
         13          1         13     -0.38143019                   1_GWF-(5,119,98)     -0.92914575                  1_GWF-(5,110,101)
         14          1         14       2.0229741                   1_GWF-(6,119,98)      -1.1586447                  1_GWF-(4,113,100)
         15          1         15      0.18420682                  1_GWF-(4,117,100)     -0.94312283                  1_GWF-(5,113,101)
         16          1         16  4.83557542E-02                  1_GWF-(4,113,101)     -0.51246118                   1_GWF-(5,119,98)
         17          1         17      0.20993365                  1_GWF-(4,119,100)     -0.76554084                  1_GWF-(5,114,100)
         18          1         18 -6.80154157E-02                  1_GWF-(4,115,100)     -0.52998033                  1_GWF-(5,118,100)
         19          1         19 -5.17166374E-02                  1_GWF-(4,120,100)     -0.58514788                  1_GWF-(5,115,100)
         20          1         20      0.40178497                   1_GWF-(5,120,98)     -0.55086524                  1_GWF-(5,118,100)
         21          1         21     -0.50949076                  1_GWF-(4,117,100)     -0.90075289                  1_GWF-(5,117,100)
         22          1         22  7.27774945E-02                  1_GWF-(4,117,100)     -0.61074693                  1_GWF-(5,118,100)
         23          1         23     -0.16633995                   1_GWF-(5,119,98)     -0.55467034                  1_GWF-(5,115,100)
         24          1         24     -0.92673536                   1_GWF-(5,120,99)     -0.62456483                  1_GWF-(5,115,100)
         25          1         25      -1.2279107                   1_GWF-(5,118,98)     -0.68432541                   1_GWF-(5,116,98)
         26          1         26      0.27758754                  1_GWF-(4,117,100)     -0.71788919                  1_GWF-(5,115,100)
         27          1         27      -23.085169                   1_GWF-(5,119,98)      -2.1303631                   1_GWF-(5,119,98)
         28          1         28       6.0325288                  1_GWF-(4,119,100)      -2.3363840                  1_GWF-(5,115,100)
         29          1         29      -16.415671                   1_GWF-(5,119,98)      -3.3328532                  1_GWF-(5,117,100)
         30          1         30       31.865561                   1_GWF-(5,119,98)     -0.93371361                  1_GWF-(5,118,100)
         31          1         31       34.743121                   1_GWF-(5,119,98)       1.9840274                   1_GWF-(5,111,98)
         32          1         32      -6.3746439                   1_GWF-(5,119,97)       1.4845968                  1_GWF-(5,115,100)
         33          1         33      -22.314474                   1_GWF-(5,120,98)       1.7427780                   1_GWF-(4,47,148)
         34          1         34       11.238034                   1_GWF-(5,120,98)      0.52634310                  1_GWF-(5,119,100)
         35          1         35 -3.58606513E-02                  1_GWF-(4,119,100)      0.57723827                  1_GWF-(5,118,100)
         36          1         36       12.231287                   1_GWF-(5,119,98)       1.7522102                  1_GWF-(5,117,100)
         37          1         37      -4.9889272                   1_GWF-(5,119,98)       1.0237616                  1_GWF-(5,118,100)
         38          1         38      -10.538739                   1_GWF-(5,119,98)      0.30051019                  1_GWF-(5,118,100)
         39          1         39     -0.82040845                   1_GWF-(5,120,98)      0.18767740                  1_GWF-(5,115,100)
         40          1         40      0.14232245                  1_GWF-(4,116,100)      0.18476239                  1_GWF-(5,117,100)
         41          1         41      0.38996572                   1_GWF-(5,118,98)      0.20599852                  1_GWF-(5,116,100)
         42          1         42     -0.50815319                   1_GWF-(4,118,98)      0.49175804                  1_GWF-(4,117,100)
         43          1         43  1.35623083E-02                   1_GWF-(7,46,147)      0.19809258                  1_GWF-(5,119,100)
         44          1         44 -2.26034848E-02                  1_GWF-(4,119,100)      0.15770419                  1_GWF-(5,119,100)
         45          1         45  3.00585899E-02                  1_GWF-(4,117,100)      0.15009296                   1_GWF-(5,117,98)
         46          1         46     -0.16500714                   1_GWF-(5,120,98)      0.13721361                   1_GWF-(5,118,98)
         47          1         47     -0.12882513                   1_GWF-(5,120,98)      0.14326270                   1_GWF-(5,118,98)
         48          1         48       17.896098                   1_GWF-(6,119,98)       3.5524436                   1_GWF-(4,46,147)
         49          1         49      -18.430297                   1_GWF-(6,119,98)     -0.31489008                   1_GWF-(4,47,148)
         50          1         50  8.96390018E-02                  1_GWF-(4,120,100)      0.27117084                   1_GWF-(4,46,147)
         51          1         51     -0.32172939                  1_GWF-(4,119,100)  8.83394208E-02                  1_GWF-(5,114,100)
         52          1         52  8.48799564E-03                  1_GWF-(4,119,100)  7.58395198E-02                  1_GWF-(5,115,100)
         53          2          1      -1.7831357                   1_GWF-(1,39,102)       5.9281427                   1_GWF-(1,34,109)
         54          2          2     -0.82869154                   1_GWF-(1,34,107)       1.7459800                   1_GWF-(1,32,106)
         55          2          3     -0.44444719                   1_GWF-(1,33,105)      0.91950239                   1_GWF-(1,18,115)
         56          2          4     -0.20306733                   1_GWF-(1,31,103)      0.39324544                   1_GWF-(1,27,102)
         57          2          5     -0.18365256                   1_GWF-(1,29,102)      0.21323538                   1_GWF-(1,24,100)
         58          2          6 -2.31271894E-02                    1_GWF-(1,5,130)      0.24493208                   1_GWF-(1,19,115)
         59          2          7     -0.13831929                    1_GWF-(1,6,131)      0.22657052                   1_GWF-(1,19,115)
         60          2          8 -7.66582102E-02                    1_GWF-(1,5,131)  7.29302377E-02                    1_GWF-(1,4,132)
         61          3          1     -0.34548642                   1_GWF-(1,27,110)       1.0930082                   1_GWF-(1,27,110)
         62          3          2     -0.13066930                   1_GWF-(1,27,110)      0.36647351                    1_GWF-(1,5,149)
         63          3          3     -0.18688086                    1_GWF-(1,4,149)     -0.27545943                   1_GWF-(1,27,111)
         64          3          4      0.42543107                    1_GWF-(1,4,149)      0.51273837                    1_GWF-(1,4,149)
         65          3          5     -0.66130843                    1_GWF-(1,4,149)  7.83926991E-02                    1_GWF-(1,4,149)
         66          3          6     -0.13886415                    1_GWF-(1,4,148)  7.05560145E-02                   1_GWF-(1,51,102)
         67          3          7 -9.22132463E-02                    1_GWF-(1,4,147)  4.74643943E-02                   1_GWF-(5,119,98)
         68          4          1 -9.07872499E-02                    1_GWF-(3,7,145)      0.24305945                   1_GWF-(1,20,114)
         69          4          2 -3.38195553E-02                   1_GWF-(1,19,113) -6.99152202E-02                   1_GWF-(1,20,113)
         70          5          1 -1.86399198E-02                    1_GWF-(3,8,144)  4.87520099E-02                   1_GWF-(5,119,98)
 --------------------------------------------------------------------------------------------------------------------------------------


 UBDSV1 SAVING     FLOW-JA-FACE ON UNIT   1018 AT TIME STEP      1, STRESS PERIOD      1
 UBDSV06 SAVING       DATA-SPDIS IN MODEL LOCAL2           PACKAGE NPF             CONNECTED TO MODEL LOCAL2           PACKAGE NPF              ON UNIT   1018 AT TIME STEP      1, STRESS PERIOD      1
 UBDSV06 SAVING              WEL IN MODEL LOCAL2           PACKAGE LOCAL2          CONNECTED TO MODEL LOCAL2           PACKAGE MBR              ON UNIT   1018 AT TIME STEP      1, STRESS PERIOD      1
 UBDSV06 SAVING              WEL IN MODEL LOCAL2           PACKAGE LOCAL2          CONNECTED TO MODEL LOCAL2           PACKAGE INFLUX           ON UNIT   1018 AT TIME STEP      1, STRESS PERIOD      1
 UBDSV06 SAVING              WEL IN MODEL LOCAL2           PACKAGE LOCAL2          CONNECTED TO MODEL LOCAL2           PACKAGE OUTFLUX          ON UNIT   1018 AT TIME STEP      1, STRESS PERIOD      1
 UBDSV06 SAVING              DRN IN MODEL LOCAL2           PACKAGE LOCAL2          CONNECTED TO MODEL LOCAL2           PACKAGE DRN_R            ON UNIT   1018 AT TIME STEP      1, STRESS PERIOD      1
 UBDSV06 SAVING             RCHA IN MODEL LOCAL2           PACKAGE LOCAL2          CONNECTED TO MODEL LOCAL2           PACKAGE RCH              ON UNIT   1018 AT TIME STEP      1, STRESS PERIOD      1
 UBDSV06 SAVING              CHD IN MODEL LOCAL2           PACKAGE LOCAL2          CONNECTED TO MODEL LOCAL2           PACKAGE CHD_PW           ON UNIT   1018 AT TIME STEP      1, STRESS PERIOD      1
 UBDSV06 SAVING              CHD IN MODEL LOCAL2           PACKAGE LOCAL2          CONNECTED TO MODEL LOCAL2           PACKAGE CHD_CONF         ON UNIT   1018 AT TIME STEP      1, STRESS PERIOD      1

 HEAD WILL BE SAVED ON UNIT 1019 AT END OF TIME STEP    1, STRESS PERIOD    1


  VOLUME BUDGET FOR ENTIRE MODEL AT END OF TIME STEP    1, STRESS PERIOD   1
  ---------------------------------------------------------------------------------------------------

     CUMULATIVE VOLUME      L**3       RATES FOR THIS TIME STEP      L**3/T          PACKAGE NAME    
     ------------------                 ------------------------                     ----------------

           IN:                                      IN:
           ---                                      ---
                 WEL =        3744.3259                   WEL =        3744.3259     MBR                              
                 WEL =        1172.2338                   WEL =        1172.2338     INFLUX                           
                 WEL =           6.8400                   WEL =           6.8400     OUTFLUX                          
                 DRN =           0.0000                   DRN =           0.0000     DRN_R                            
                RCHA =          93.2392                  RCHA =          93.2392     RCH                              
                 CHD =         656.7999                   CHD =         656.7999     CHD_PW                           
                 CHD =          17.8257                   CHD =          17.8257     CHD_CONF                         

            TOTAL IN =        5691.2645              TOTAL IN =        5691.2645

          OUT:                                     OUT:
          ----                                     ----
                 WEL =           0.0000                   WEL =           0.0000     MBR                              
                 WEL =           0.0000                   WEL =           0.0000     INFLUX                           
                 WEL =           0.0000                   WEL =           0.0000     OUTFLUX                          
                 DRN =        4315.6935                   DRN =        4315.6935     DRN_R                            
                RCHA =           0.0000                  RCHA =           0.0000     RCH                              
                 CHD =        1413.8955                   CHD =        1413.8955     CHD_PW                           
                 CHD =          93.0962                   CHD =          93.0962     CHD_CONF                         

           TOTAL OUT =        5822.6852             TOTAL OUT =        5822.6852

            IN - OUT =        -131.4207              IN - OUT =        -131.4207

 PERCENT DISCREPANCY =          -2.28     PERCENT DISCREPANCY =          -2.28




         TIME SUMMARY AT END OF TIME STEP    1 IN STRESS PERIOD    1
                    SECONDS     MINUTES      HOURS       DAYS        YEARS
                    -----------------------------------------------------------
   TIME STEP LENGTH  86400.      1440.0      24.000      1.0000     2.73785E-03
 STRESS PERIOD TIME  86400.      1440.0      24.000      1.0000     2.73785E-03
         TOTAL TIME  86400.      1440.0      24.000      1.0000     2.73785E-03


end timestep

