                                   MODFLOW 6
                U.S. GEOLOGICAL SURVEY MODULAR HYDROLOGIC MODEL
                   VERSION 6.3.0 release candidate 02/06/2022
                               ***DEVELOP MODE***

   MODFLOW 6 compiled Feb 06 2022 02:35:51 with Intel(R) Fortran Intel(R) 64
   Compiler Classic for applications running on Intel(R) 64, Version 2021.5.0
                             Build 20211109_000000

This software is preliminary or provisional and is subject to 
revision. It is being provided to meet the need for timely best 
science. The software has not received final approval by the U.S. 
Geological Survey (USGS). No warranty, expressed or implied, is made 
by the USGS or the U.S. Government as to the functionality of the 
software and related material nor shall the fact of release 
constitute any such warranty. The software is provided on the 
condition that neither the USGS nor the U.S. Government shall be held 
liable for any damages resulting from the authorized or unauthorized 
use of the software.


As a work of the United States Government, this USGS product is 
in the public domain within the United States. You can copy, 
modify, distribute, and perform the work, even for commercial 
purposes, all without asking permission. Additionally, USGS 
waives copyright and related rights in the work worldwide 
through CC0 1.0 Universal Public Domain Dedication 
(https://creativecommons.org/publicdomain/zero/1.0/).

The following GNU Lesser General Public License (LGPL) libraries
are used in this USGS product:

    SPARSKIT version 2.0
      ilut, luson, and qsplit 
      (https://www-users.cse.umn.edu/~saad/software/SPARSKIT/)

    RCM - Reverse Cuthill McKee Ordering
      (https://people.math.sc.edu/Burkardt/f_src/rcm/rcm.html)

    BLAS - Basic Linear Algebra Subprograms Level 1
      (https://people.math.sc.edu/Burkardt/f_src/blas1_d/blas1_d.html)

    SPARSEKIT - Sparse Matrix Utility Package
      amux, dperm, dvperm, rperm, and cperm
      (https://people.sc.fsu.edu/~jburkardt/f77_src/sparsekit/sparsekit.html)

The following BSD-3 License libraries are used in this USGS product:

    Modern Fortran DAG Library
      Copyright (c) 2018, Jacob Williams
      All rights reserved.
      (https://github.com/jacobwilliams/daglib)

MODFLOW 6 compiler options: /O2 /heap-arrays:0 /fpe:0 /traceback /nologo /fpp
/c /module:.\mod_temp\ /object:.\obj_temp\

System command used to initiate simulation:
mf6.exe

MODFLOW was compiled using uniform precision.

Real Variables
  KIND: 8
  TINY (smallest non-zero value):    2.225074-308
  HUGE (largest value):    1.797693+308
  PRECISION: 15
  BIT SIZE: 64

Integer Variables
  KIND: 4
  HUGE (largest value): 2147483647
  BIT SIZE: 32

Long Integer Variables
  KIND: 8
  HUGE (largest value): 9223372036854775807
  BIT SIZE: 64

Logical Variables
  KIND: 4
  BIT SIZE: 32
 

 OPENED mfsim.nam
 FILE TYPE:NAM   UNIT 1001   STATUS:OLD                 
 FORMAT:FORMATTED              ACCESS:SEQUENTIAL          
 ACTION:READ                

 # File generated by Flopy version 3.9.3 on 08/21/2025 at 14:53:12.

 READING SIMULATION OPTIONS
 END OF SIMULATION OPTIONS

 READING SIMULATION TIMING

 OPENED local2.tdis
 FILE TYPE:TDIS   UNIT 1002   STATUS:OLD                 
 FORMAT:FORMATTED              ACCESS:SEQUENTIAL          
 ACTION:READ                


 TDIS -- TEMPORAL DISCRETIZATION PACKAGE,
 VERSION 1 : 11/13/2014 - INPUT READ FROM UNIT 1002
 # File generated by Flopy version 3.9.3 on 08/21/2025 at 14:53:12.
 PROCESSING TDIS OPTIONS
    SIMULATION TIME UNIT IS DAYS
 END OF TDIS OPTIONS
 PROCESSING TDIS DIMENSIONS
    1 STRESS PERIOD(S) IN SIMULATION
 END OF TDIS DIMENSIONS
 PROCESSING TDIS PERIODDATA


 STRESS PERIOD     LENGTH       TIME STEPS     MULTIPLIER FOR DELT
 ----------------------------------------------------------------------------
        1         1.000000          1                    1.000
 END OF TDIS PERIODDATA
 END OF SIMULATION TIMING

 READING SIMULATION MODELS
    GWF6 model LOCAL2 will be created as model 1
 END OF SIMULATION MODELS

 READING SIMULATION EXCHANGES
 END OF SIMULATION EXCHANGES

 READING SOLUTIONGROUP

 Creating solution: SLN_1           

 OPENED local2.ims
 FILE TYPE:IMS   UNIT 1016   STATUS:OLD                 
 FORMAT:FORMATTED              ACCESS:SEQUENTIAL          
 ACTION:READ                

 END OF SIMULATION SOLUTIONGROUP

PROCESSING MODEL CONNECTIONS

 IMS -- ITERATIVE MODEL SOLUTION PACKAGE, VERSION 6, 4/28/2017
         INPUT READ FROM UNIT 1016
 # File generated by Flopy version 3.9.3 on 08/21/2025 at 14:53:12.

 PROCESSING IMS OPTIONS
 COMPLEX OPTION:
 DEFAULT SOLVER INPUT VALUES REFLECT STRONGLY NONLINEAR MODEL
 END OF IMS OPTIONS
 **UNDER-RELAXATION WILL BE USED***
 
 ***IMS LINEAR SOLVER WILL BE USED***

 IMSLINEAR -- UNSTRUCTURED LINEAR SOLUTION PACKAGE, VERSION 8, 04/28/2017
 
 An asymmetric matrix will be solved

 OUTER ITERATION CONVERGENCE CRITERION    (DVCLOSE) =    0.100000E+00
 MAXIMUM NUMBER OF OUTER ITERATIONS        (MXITER) = 100
 SOLVER PRINTOUT INDEX                     (IPRIMS) = 2
 NONLINEAR ITERATION METHOD            (NONLINMETH) = 3
 LINEAR SOLUTION METHOD                   (LINMETH) = 1
 UNDER-RELAXATION WEIGHT REDUCTION FACTOR   (THETA) =    0.800000E+00
 UNDER-RELAXATION WEIGHT INCREASE INCREMENT (KAPPA) =    0.100000E-03
 UNDER-RELAXATION PREVIOUS HISTORY FACTOR   (GAMMA) =    0.000000E+00
 UNDER-RELAXATION MOMENTUM TERM         (AMOMENTUM) =    0.000000E+00
 MAXIMUM NUMBER OF BACKTRACKS            (NUMTRACK) = 20
 BACKTRACKING TOLERANCE FACTOR               (BTOL) =    0.105000E+01
 BACKTRACKING REDUCTION FACTOR             (BREDUC) =    0.100000E+00
 BACKTRACKING RESIDUAL LIMIT              (RES_LIM) =    0.200000E-02

       SOLUTION BY THE BICONJUGATE-GRADIENT STABILIZED METHOD
 ------------------------------------------------------------------
 MAXIMUM OF 100 CALLS OF SOLUTION ROUTINE
 MAXIMUM OF 500 INTERNAL ITERATIONS PER CALL TO SOLUTION ROUTINE
 LINEAR ACCELERATION METHOD            = BCGS      
 MATRIX PRECONDITIONING TYPE           = INCOMPLETE LUT      
 MATRIX SCALING APPROACH               = NO SCALING          
 MATRIX REORDERING APPROACH            = ORIGINAL ORDERING        
 NUMBER OF ORTHOGONALIZATIONS          = 2
 HEAD CHANGE CRITERION FOR CLOSURE     =    0.10000E+00
 RESIDUAL CHANGE CRITERION FOR CLOSURE =    0.10000E+00
 RESIDUAL CONVERGENCE OPTION           = 0
 RESIDUAL CONVERGENCE NORM             = INFINITY NORM   
 RELAXATION FACTOR                     =    0.00000E+00
 NUMBER OF LEVELS                      =              5
 DROP TOLERANCE                        =    0.10000E-03


 
    Solving:  Stress period:     1    Time step:     1
 
1
                            STRESS PERIOD NO. 1, LENGTH =   1.000000    
                            -----------------------------------------------
                            NUMBER OF TIME STEPS = 1
                            MULTIPLIER FOR DELT =     1.000
                            INITIAL TIME STEP SIZE =   1.000000    

 SLN_1 OUTER ITERATION SUMMARY
 ----------------------------------------------------------------------------------------------------------------------------------------------------------------
                                OUTER      INNER  BACKTRACK  BACKTRACK        INCOMING        OUTGOING                    STEP   MAXIMUM CHANGE MODEL-(CELLID) OR
 OUTER ITERATION STEP       ITERATION  ITERATION       FLAG ITERATIONS        RESIDUAL        RESIDUAL  MAXIMUM CHANGE SUCCESS             MODEL-PACKAGE-(NUMBER)
 ----------------------------------------------------------------------------------------------------------------------------------------------------------------
 Backtracking                       1                     0          0       10185.001       10185.001                       *                                   
 Model                              1         52                                                             26.358499                           1_GWF-(3,43,129)
 Backtracking                       2                     0          0       250.52880       250.52880                       *                                   
 Model                              2          8                                                            -2.6101005                           1_GWF-(1,35,107)
 Backtracking                       3                     0          0       44.061781       44.061781                       *                                   
 Model                              3          7                                                           -0.89676172                            1_GWF-(1,7,145)
 Backtracking                       4                     0          0       14.234100       14.234100                       *                                   
 Model                              4          2                                                           -0.10185579                           1_GWF-(1,20,112)
 Backtracking                       5                     0          0       4.1786405       4.1786405                       *                                   
 Model                              5          1                                                       -1.86399198E-02       *                    1_GWF-(3,8,144)
 ----------------------------------------------------------------------------------------------------------------------------------------------------------------


 5 CALLS TO NUMERICAL SOLUTION IN TIME STEP 1 STRESS PERIOD 1
 70 TOTAL ITERATIONS

 SLN_1 INNER ITERATION SUMMARY
 --------------------------------------------------------------------------------------------------------------------------------------
      TOTAL      OUTER      INNER                                                            MAXIMUM                                   
  ITERATION  ITERATION  ITERATION  MAXIMUM CHANGE      MAXIMUM CHANGE MODEL-(CELLID)        RESIDUAL    MAXIMUM RESIDUAL MODEL-(CELLID)
 --------------------------------------------------------------------------------------------------------------------------------------
          1          1          1       22.099146                   1_GWF-(3,43,129)       15.603155                   1_GWF-(4,105,97)
          2          1          2     -0.95439916                    1_GWF-(1,66,86)       4.2837855                   1_GWF-(1,105,97)
          3          1          3     -0.88565622                    1_GWF-(1,64,90)       2.8582567                   1_GWF-(1,105,97)
          4          1          4     -0.73892666                    1_GWF-(1,63,92)      -2.2085729                   1_GWF-(5,119,98)
          5          1          5      0.64667840                   1_GWF-(4,120,98)      -1.9020094                   1_GWF-(5,119,98)
          6          1          6      0.67880909                   1_GWF-(4,120,98)      -1.5972925                   1_GWF-(5,119,98)
          7          1          7      0.83206209                   1_GWF-(4,120,98)      -1.2851016                   1_GWF-(5,118,98)
          8          1          8      0.81019868                   1_GWF-(5,120,98)       1.0710549                    1_GWF-(4,32,35)
          9          1          9       1.1175596                   1_GWF-(5,120,98)     -0.86880428                  1_GWF-(5,110,100)
         10          1         10      0.27681135                  1_GWF-(4,110,100)      -1.5589195                    1_GWF-(4,31,35)
         11          1         11      0.17181750                   1_GWF-(5,120,98)     -0.80451261                  1_GWF-(5,112,100)
         12          1         12       1.0351390                   1_GWF-(5,120,98)     -0.96693016                    1_GWF-(4,31,35)
         13          1         13     -0.38143019                   1_GWF-(5,119,98)     -0.92914575                  1_GWF-(5,110,101)
         14          1         14       2.0229741                   1_GWF-(6,119,98)      -1.1586447                  1_GWF-(4,113,100)
         15          1         15      0.18420682                  1_GWF-(4,117,100)     -0.94312283                  1_GWF-(5,113,101)
         16          1         16  4.83557542E-02                  1_GWF-(4,113,101)     -0.51246118                   1_GWF-(5,119,98)
         17          1         17      0.20993365                  1_GWF-(4,119,100)     -0.76554084                  1_GWF-(5,114,100)
         18          1         18 -6.80154157E-02                  1_GWF-(4,115,100)     -0.52998033                  1_GWF-(5,118,100)
         19          1         19 -5.17166374E-02                  1_GWF-(4,120,100)     -0.58514788                  1_GWF-(5,115,100)
         20          1         20      0.40178497                   1_GWF-(5,120,98)     -0.55086524                  1_GWF-(5,118,100)
         21          1         21     -0.50949076                  1_GWF-(4,117,100)     -0.90075289                  1_GWF-(5,117,100)
         22          1         22  7.27774945E-02                  1_GWF-(4,117,100)     -0.61074693                  1_GWF-(5,118,100)
         23          1         23     -0.16633995                   1_GWF-(5,119,98)     -0.55467034                  1_GWF-(5,115,100)
         24          1         24     -0.92673536                   1_GWF-(5,120,99)     -0.62456483                  1_GWF-(5,115,100)
         25          1         25      -1.2279107                   1_GWF-(5,118,98)     -0.68432541                   1_GWF-(5,116,98)
         26          1         26      0.27758754                  1_GWF-(4,117,100)     -0.71788919                  1_GWF-(5,115,100)
         27          1         27      -23.085169                   1_GWF-(5,119,98)      -2.1303631                   1_GWF-(5,119,98)
         28          1         28       6.0325288                  1_GWF-(4,119,100)      -2.3363840                  1_GWF-(5,115,100)
         29          1         29      -16.415671                   1_GWF-(5,119,98)      -3.3328532                  1_GWF-(5,117,100)
         30          1         30       31.865561                   1_GWF-(5,119,98)     -0.93371361                  1_GWF-(5,118,100)
         31          1         31       34.743121                   1_GWF-(5,119,98)       1.9840274                   1_GWF-(5,111,98)
         32          1         32      -6.3746439                   1_GWF-(5,119,97)       1.4845968                  1_GWF-(5,115,100)
         33          1         33      -22.314474                   1_GWF-(5,120,98)       1.7427780                   1_GWF-(4,47,148)
         34          1         34       11.238034                   1_GWF-(5,120,98)      0.52634310                  1_GWF-(5,119,100)
         35          1         35 -3.58606513E-02                  1_GWF-(4,119,100)      0.57723827                  1_GWF-(5,118,100)
         36          1         36       12.231287                   1_GWF-(5,119,98)       1.7522102                  1_GWF-(5,117,100)
         37          1         37      -4.9889272                   1_GWF-(5,119,98)       1.0237616                  1_GWF-(5,118,100)
         38          1         38      -10.538739                   1_GWF-(5,119,98)      0.30051019                  1_GWF-(5,118,100)
         39          1         39     -0.82040845                   1_GWF-(5,120,98)      0.18767740                  1_GWF-(5,115,100)
         40          1         40      0.14232245                  1_GWF-(4,116,100)      0.18476239                  1_GWF-(5,117,100)
         41          1         41      0.38996572                   1_GWF-(5,118,98)      0.20599852                  1_GWF-(5,116,100)
         42          1         42     -0.50815319                   1_GWF-(4,118,98)      0.49175804                  1_GWF-(4,117,100)
         43          1         43  1.35623083E-02                   1_GWF-(7,46,147)      0.19809258                  1_GWF-(5,119,100)
         44          1         44 -2.26034848E-02                  1_GWF-(4,119,100)      0.15770419                  1_GWF-(5,119,100)
         45          1         45  3.00585899E-02                  1_GWF-(4,117,100)      0.15009296                   1_GWF-(5,117,98)
         46          1         46     -0.16500714                   1_GWF-(5,120,98)      0.13721361                   1_GWF-(5,118,98)
         47          1         47     -0.12882513                   1_GWF-(5,120,98)      0.14326270                   1_GWF-(5,118,98)
         48          1         48       17.896098                   1_GWF-(6,119,98)       3.5524436                   1_GWF-(4,46,147)
         49          1         49      -18.430297                   1_GWF-(6,119,98)     -0.31489008                   1_GWF-(4,47,148)
         50          1         50  8.96390018E-02                  1_GWF-(4,120,100)      0.27117084                   1_GWF-(4,46,147)
         51          1         51     -0.32172939                  1_GWF-(4,119,100)  8.83394208E-02                  1_GWF-(5,114,100)
         52          1         52  8.48799564E-03                  1_GWF-(4,119,100)  7.58395198E-02                  1_GWF-(5,115,100)
         53          2          1      -1.7831357                   1_GWF-(1,39,102)       5.9281427                   1_GWF-(1,34,109)
         54          2          2     -0.82869154                   1_GWF-(1,34,107)       1.7459800                   1_GWF-(1,32,106)
         55          2          3     -0.44444719                   1_GWF-(1,33,105)      0.91950239                   1_GWF-(1,18,115)
         56          2          4     -0.20306733                   1_GWF-(1,31,103)      0.39324544                   1_GWF-(1,27,102)
         57          2          5     -0.18365256                   1_GWF-(1,29,102)      0.21323538                   1_GWF-(1,24,100)
         58          2          6 -2.31271894E-02                    1_GWF-(1,5,130)      0.24493208                   1_GWF-(1,19,115)
         59          2          7     -0.13831929                    1_GWF-(1,6,131)      0.22657052                   1_GWF-(1,19,115)
         60          2          8 -7.66582102E-02                    1_GWF-(1,5,131)  7.29302377E-02                    1_GWF-(1,4,132)
         61          3          1     -0.34548642                   1_GWF-(1,27,110)       1.0930082                   1_GWF-(1,27,110)
         62          3          2     -0.13066930                   1_GWF-(1,27,110)      0.36647351                    1_GWF-(1,5,149)
         63          3          3     -0.18688086                    1_GWF-(1,4,149)     -0.27545943                   1_GWF-(1,27,111)
         64          3          4      0.42543107                    1_GWF-(1,4,149)      0.51273837                    1_GWF-(1,4,149)
         65          3          5     -0.66130843                    1_GWF-(1,4,149)  7.83926991E-02                    1_GWF-(1,4,149)
         66          3          6     -0.13886415                    1_GWF-(1,4,148)  7.05560145E-02                   1_GWF-(1,51,102)
         67          3          7 -9.22132463E-02                    1_GWF-(1,4,147)  4.74643943E-02                   1_GWF-(5,119,98)
         68          4          1 -9.07872499E-02                    1_GWF-(3,7,145)      0.24305945                   1_GWF-(1,20,114)
         69          4          2 -3.38195553E-02                   1_GWF-(1,19,113) -6.99152202E-02                   1_GWF-(1,20,113)
         70          5          1 -1.86399198E-02                    1_GWF-(3,8,144)  4.87520099E-02                   1_GWF-(5,119,98)
 --------------------------------------------------------------------------------------------------------------------------------------




 Solution SLN_1 summary
 ----------------------------------------------------------------------
 Total formulate time:  .3125000000000000E-01 seconds
 Total solution time:   .2656250000000000 seconds


 MEMORY MANAGER TOTAL STORAGE BY DATA TYPE, IN MEGABYTES
 -------------------------------
                    ALLOCATED   
 DATA TYPE           MEMORY     
 -------------------------------
 Character        4.03300000E-03
 Logical          4.40000000E-05
 Integer          26.979520     
 Real             45.761440     
 -------------------------------
 Total            72.745037     
 -------------------------------


 
 Run end date and time (yyyy/mm/dd hh:mm:ss): 2025/08/26 13:37:48
 Elapsed run time:  1.685 Seconds
 Normal termination of simulation.
